// Vitest Snapshot v1, https://vitest.dev/guide/snapshot.html

exports[`MaestroTranslators Input Command Snapshots > inputText in element by id 1`] = `
"- tapOn:
    id: "textId"
- inputText: sample text
"
`;

exports[`MaestroTranslators Input Command Snapshots > inputText in focused element 1`] = `
"- inputText: sample text
"
`;

exports[`MaestroTranslators Input Command Snapshots > inputText with text and id 1`] = `
"- tapOn:
    id: "testInput"
- inputText: example text
"
`;
