// Vitest Snapshot v1, https://vitest.dev/guide/snapshot.html

exports[`MaestroTranslators Application Launch Commands Snapshots > clearKeychain 1`] = `
"- clearKeychain
"
`;

exports[`MaestroTranslators Application Launch Commands Snapshots > clearState with appId 1`] = `
"- clearState: testAppId
"
`;

exports[`MaestroTranslators Application Launch Commands Snapshots > initFlow with appId 1`] = `
"appId: testAppId
---
"
`;

exports[`MaestroTranslators Application Launch Commands Snapshots > launchApp with appId 1`] = `
"- launchApp:
    appId: "testAppId"
"
`;
